{
  "records": 1000,
  "depth": 4,
  "seed": 29,
  "measured_queries": 200,
  "warmup_queries": 20,
  "messages": 225,
  "wire_bytes": 457337,
  "server_peak_rss_kib": 97964,
  "parent_peak_rss_kib": 95528,
  "logical_json_bytes": 298072,
  "allocated_sqlite_bytes": 1054536,
  "wall_s": 1.0369333979999737,
  "parent_cpu_s": 0.13063769299999994,
  "children_cpu_s": 1.339831,
  "rpc_median_us": 372.594,
  "rpc_p95_us": 878.506,
  "rpc_p99_us": 2204.041,
  "service_median_us": 90.324,
  "service_p95_us": 211.045,
  "service_p99_us": 358.918,
  "verifier_median_us": 23.275,
  "verifier_p95_us": 47.554,
  "verifier_p99_us": 129.769
}
