{
  "records": 5000,
  "depth": 64,
  "seed": 43,
  "measured_queries": 200,
  "warmup_queries": 20,
  "messages": 241,
  "wire_bytes": 2548663,
  "server_peak_rss_kib": 101808,
  "parent_peak_rss_kib": 98476,
  "logical_json_bytes": 1497732,
  "allocated_sqlite_bytes": 7403712,
  "wall_s": 2.577408733000084,
  "parent_cpu_s": 0.7554302880000001,
  "children_cpu_s": 2.266418,
  "rpc_median_us": 1797.731,
  "rpc_p95_us": 3630.933,
  "rpc_p99_us": 5429.235,
  "service_median_us": 1056.915,
  "service_p95_us": 2539.928,
  "service_p99_us": 3503.456,
  "verifier_median_us": 329.716,
  "verifier_p95_us": 2080.497,
  "verifier_p99_us": 3413.176
}
