{
  "records": 100,
  "depth": 64,
  "seed": 43,
  "measured_queries": 200,
  "warmup_queries": 20,
  "messages": 222,
  "wire_bytes": 1076069,
  "server_peak_rss_kib": 97196,
  "parent_peak_rss_kib": 95020,
  "logical_json_bytes": 33532,
  "allocated_sqlite_bytes": 164616,
  "wall_s": 2.8447905999998966,
  "parent_cpu_s": 0.184456065,
  "children_cpu_s": 3.1232149999999996,
  "rpc_median_us": 2553.952,
  "rpc_p95_us": 7465.912,
  "rpc_p99_us": 15661.188,
  "service_median_us": 1501.263,
  "service_p95_us": 4018.385,
  "service_p99_us": 6910.053,
  "verifier_median_us": 296.503,
  "verifier_p95_us": 829.52,
  "verifier_p99_us": 1599.103
}
