{
  "records": 5000,
  "depth": 64,
  "seed": 29,
  "measured_queries": 200,
  "warmup_queries": 20,
  "messages": 241,
  "wire_bytes": 2548659,
  "server_peak_rss_kib": 101808,
  "parent_peak_rss_kib": 98472,
  "logical_json_bytes": 1497732,
  "allocated_sqlite_bytes": 7387208,
  "wall_s": 2.7178677060001064,
  "parent_cpu_s": 0.6791252240000003,
  "children_cpu_s": 2.38626,
  "rpc_median_us": 2151.713,
  "rpc_p95_us": 4969.906,
  "rpc_p99_us": 7842.573,
  "service_median_us": 1184.559,
  "service_p95_us": 3490.898,
  "service_p99_us": 5973.932,
  "verifier_median_us": 308.977,
  "verifier_p95_us": 838.624,
  "verifier_p99_us": 2177.907
}
