{
  "records": 10000,
  "depth": 4,
  "seed": 43,
  "measured_queries": 200,
  "warmup_queries": 20,
  "messages": 261,
  "wire_bytes": 3163920,
  "server_peak_rss_kib": 102188,
  "parent_peak_rss_kib": 102184,
  "logical_json_bytes": 2989072,
  "allocated_sqlite_bytes": 11500848,
  "wall_s": 2.865515908999896,
  "parent_cpu_s": 0.8976471939999999,
  "children_cpu_s": 2.424714,
  "rpc_median_us": 684.127,
  "rpc_p95_us": 1726.933,
  "rpc_p99_us": 2618.847,
  "service_median_us": 106.066,
  "service_p95_us": 456.944,
  "service_p99_us": 690.044,
  "verifier_median_us": 23.127,
  "verifier_p95_us": 42.283,
  "verifier_p99_us": 115.575
}
