{
  "records": 5000,
  "depth": 64,
  "seed": 17,
  "measured_queries": 200,
  "warmup_queries": 20,
  "messages": 241,
  "wire_bytes": 2548674,
  "server_peak_rss_kib": 101804,
  "parent_peak_rss_kib": 98464,
  "logical_json_bytes": 1497732,
  "allocated_sqlite_bytes": 7457152,
  "wall_s": 3.0906314259998453,
  "parent_cpu_s": 0.8831999470000003,
  "children_cpu_s": 2.715274,
  "rpc_median_us": 3026.912,
  "rpc_p95_us": 6536.87,
  "rpc_p99_us": 8023.054,
  "service_median_us": 1110.559,
  "service_p95_us": 3833.199,
  "service_p99_us": 5631.181,
  "verifier_median_us": 367.502,
  "verifier_p95_us": 2459.632,
  "verifier_p99_us": 3195.006
}
