{
  "pilot": "receipt-or-expiry-and-process-recovery",
  "gateways": 5,
  "principals": 5,
  "capabilities": 2,
  "revocations": 1,
  "worker_processes_at_once": 2,
  "positive": {
    "before_closed": false,
    "after_closed": true,
    "cover": [
      "receipt",
      "receipt",
      "receipt",
      "expiry",
      "expiry"
    ],
    "post_barrier_reasons": [
      "revoked",
      "revoked",
      "revoked",
      "expired",
      "expired"
    ],
    "post_restart_reason": "revoked",
    "messages": 16,
    "wire_bytes": 20070,
    "server_peak_rss_kib": 97104
  },
  "negative_control_volatile_ack_resurrected": true,
  "wall_s": 3.902255238000066,
  "parent_cpu_s": 0.017872370000000082,
  "children_cpu_s": 5.656428,
  "parent_peak_rss_kib": 94508
}
