{
  "records": 5000,
  "depth": 4,
  "seed": 17,
  "measured_queries": 200,
  "warmup_queries": 20,
  "messages": 241,
  "wire_bytes": 1660495,
  "server_peak_rss_kib": 101672,
  "parent_peak_rss_kib": 98476,
  "logical_json_bytes": 1494072,
  "allocated_sqlite_bytes": 7350248,
  "wall_s": 3.1019711429999006,
  "parent_cpu_s": 0.7823064720000001,
  "children_cpu_s": 2.6570240000000003,
  "rpc_median_us": 1250.833,
  "rpc_p95_us": 3437.41,
  "rpc_p99_us": 4919.8,
  "service_median_us": 120.632,
  "service_p95_us": 633.894,
  "service_p99_us": 1435.799,
  "verifier_median_us": 47.621,
  "verifier_p95_us": 1111.777,
  "verifier_p99_us": 1840.771
}
