{
  "records": 1000,
  "depth": 1,
  "seed": 29,
  "measured_queries": 200,
  "warmup_queries": 20,
  "messages": 225,
  "wire_bytes": 412865,
  "server_peak_rss_kib": 97968,
  "parent_peak_rss_kib": 95532,
  "logical_json_bytes": 297889,
  "allocated_sqlite_bytes": 1062776,
  "wall_s": 1.0915235469999516,
  "parent_cpu_s": 0.10615688899999998,
  "children_cpu_s": 1.44844,
  "rpc_median_us": 268.619,
  "rpc_p95_us": 607.919,
  "rpc_p99_us": 734.903,
  "service_median_us": 41.843,
  "service_p95_us": 87.846,
  "service_p99_us": 196.849,
  "verifier_median_us": 8.311,
  "verifier_p95_us": 12.656,
  "verifier_p99_us": 68.708
}
