{
  "records": 1000,
  "depth": 16,
  "seed": 29,
  "measured_queries": 200,
  "warmup_queries": 20,
  "messages": 225,
  "wire_bytes": 635093,
  "server_peak_rss_kib": 97968,
  "parent_peak_rss_kib": 95532,
  "logical_json_bytes": 298804,
  "allocated_sqlite_bytes": 1058656,
  "wall_s": 1.1349938240000483,
  "parent_cpu_s": 0.15858799899999987,
  "children_cpu_s": 1.376989,
  "rpc_median_us": 758.248,
  "rpc_p95_us": 1318.628,
  "rpc_p99_us": 1886.194,
  "service_median_us": 262.612,
  "service_p95_us": 554.215,
  "service_p99_us": 982.932,
  "verifier_median_us": 92.714,
  "verifier_p95_us": 273.034,
  "verifier_p99_us": 328.645
}
