{
  "records": 10000,
  "depth": 1,
  "seed": 17,
  "measured_queries": 200,
  "warmup_queries": 20,
  "messages": 261,
  "wire_bytes": 3119391,
  "server_peak_rss_kib": 102184,
  "parent_peak_rss_kib": 102184,
  "logical_json_bytes": 2988889,
  "allocated_sqlite_bytes": 11451240,
  "wall_s": 3.695353626000042,
  "parent_cpu_s": 1.323797047,
  "children_cpu_s": 2.719163,
  "rpc_median_us": 539.744,
  "rpc_p95_us": 2879.351,
  "rpc_p99_us": 3882.431,
  "service_median_us": 58.819,
  "service_p95_us": 311.774,
  "service_p99_us": 921.582,
  "verifier_median_us": 13.731,
  "verifier_p95_us": 19.869,
  "verifier_p99_us": 87.801
}
