{
  "records": 100,
  "depth": 16,
  "seed": 29,
  "measured_queries": 200,
  "warmup_queries": 20,
  "messages": 222,
  "wire_bytes": 365470,
  "server_peak_rss_kib": 97068,
  "parent_peak_rss_kib": 95020,
  "logical_json_bytes": 30604,
  "allocated_sqlite_bytes": 160496,
  "wall_s": 1.0216064749999987,
  "parent_cpu_s": 0.06539678800000015,
  "children_cpu_s": 1.33954,
  "rpc_median_us": 551.138,
  "rpc_p95_us": 1432.944,
  "rpc_p99_us": 2593.592,
  "service_median_us": 241.451,
  "service_p95_us": 480.663,
  "service_p99_us": 1181.367,
  "verifier_median_us": 71.45,
  "verifier_p95_us": 130.472,
  "verifier_p99_us": 320.354
}
