{
  "records": 1000,
  "depth": 64,
  "seed": 29,
  "measured_queries": 200,
  "warmup_queries": 20,
  "messages": 225,
  "wire_bytes": 1345657,
  "server_peak_rss_kib": 97968,
  "parent_peak_rss_kib": 95528,
  "logical_json_bytes": 301732,
  "allocated_sqlite_bytes": 1071016,
  "wall_s": 1.4271319930001027,
  "parent_cpu_s": 0.20608983399999992,
  "children_cpu_s": 1.68437,
  "rpc_median_us": 1526.736,
  "rpc_p95_us": 3033.759,
  "rpc_p99_us": 4351.832,
  "service_median_us": 1013.396,
  "service_p95_us": 2139.628,
  "service_p99_us": 3774.152,
  "verifier_median_us": 306.619,
  "verifier_p95_us": 643.352,
  "verifier_p99_us": 950.319
}
