{
  "records": 10000,
  "depth": 16,
  "seed": 43,
  "measured_queries": 200,
  "warmup_queries": 20,
  "messages": 261,
  "wire_bytes": 3341600,
  "server_peak_rss_kib": 102192,
  "parent_peak_rss_kib": 102180,
  "logical_json_bytes": 2989804,
  "allocated_sqlite_bytes": 11587200,
  "wall_s": 3.1627422609999485,
  "parent_cpu_s": 1.3077545720000001,
  "children_cpu_s": 2.246741,
  "rpc_median_us": 1097.418,
  "rpc_p95_us": 2868.174,
  "rpc_p99_us": 3743.131,
  "service_median_us": 297.872,
  "service_p95_us": 1059.393,
  "service_p99_us": 2579.835,
  "verifier_median_us": 84.622,
  "verifier_p95_us": 267.164,
  "verifier_p99_us": 580.078
}
