{
  "records": 1000,
  "depth": 4,
  "seed": 43,
  "measured_queries": 200,
  "warmup_queries": 20,
  "messages": 225,
  "wire_bytes": 457327,
  "server_peak_rss_kib": 97964,
  "parent_peak_rss_kib": 95532,
  "logical_json_bytes": 298072,
  "allocated_sqlite_bytes": 1054536,
  "wall_s": 1.0586756600000626,
  "parent_cpu_s": 0.1315765499999999,
  "children_cpu_s": 1.219274,
  "rpc_median_us": 382.833,
  "rpc_p95_us": 1427.023,
  "rpc_p99_us": 3129.085,
  "service_median_us": 89.418,
  "service_p95_us": 171.829,
  "service_p99_us": 1036.272,
  "verifier_median_us": 24.242,
  "verifier_p95_us": 51.191,
  "verifier_p99_us": 215.04
}
