{
  "records": 10000,
  "depth": 16,
  "seed": 17,
  "measured_queries": 200,
  "warmup_queries": 20,
  "messages": 261,
  "wire_bytes": 3341621,
  "server_peak_rss_kib": 102120,
  "parent_peak_rss_kib": 102120,
  "logical_json_bytes": 2989804,
  "allocated_sqlite_bytes": 11484392,
  "wall_s": 5.067774424999925,
  "parent_cpu_s": 1.732695917,
  "children_cpu_s": 3.652623,
  "rpc_median_us": 1008.376,
  "rpc_p95_us": 3230.212,
  "rpc_p99_us": 4197.651,
  "service_median_us": 293.497,
  "service_p95_us": 683.108,
  "service_p99_us": 1108.294,
  "verifier_median_us": 93.531,
  "verifier_p95_us": 2373.233,
  "verifier_p99_us": 3524.624
}
