{
  "records": 5000,
  "depth": 4,
  "seed": 29,
  "measured_queries": 200,
  "warmup_queries": 20,
  "messages": 241,
  "wire_bytes": 1660389,
  "server_peak_rss_kib": 101804,
  "parent_peak_rss_kib": 98476,
  "logical_json_bytes": 1494072,
  "allocated_sqlite_bytes": 7407928,
  "wall_s": 2.9436719490001906,
  "parent_cpu_s": 1.7629908120000002,
  "children_cpu_s": 1.4697869999999997,
  "rpc_median_us": 712.102,
  "rpc_p95_us": 2730.293,
  "rpc_p99_us": 4483.85,
  "service_median_us": 103.847,
  "service_p95_us": 215.371,
  "service_p99_us": 304.546,
  "verifier_median_us": 46.825,
  "verifier_p95_us": 265.686,
  "verifier_p99_us": 1384.573
}
