{
  "records": 100,
  "depth": 4,
  "seed": 43,
  "measured_queries": 200,
  "warmup_queries": 20,
  "messages": 222,
  "wire_bytes": 187779,
  "server_peak_rss_kib": 97068,
  "parent_peak_rss_kib": 94932,
  "logical_json_bytes": 29872,
  "allocated_sqlite_bytes": 160496,
  "wall_s": 1.2866287070000908,
  "parent_cpu_s": 0.09388585300000019,
  "children_cpu_s": 1.587574,
  "rpc_median_us": 715.245,
  "rpc_p95_us": 2415.648,
  "rpc_p99_us": 3616.098,
  "service_median_us": 104.551,
  "service_p95_us": 479.808,
  "service_p99_us": 2031.712,
  "verifier_median_us": 48.327,
  "verifier_p95_us": 82.547,
  "verifier_p99_us": 148.85
}
