{
  "records": 5000,
  "depth": 16,
  "seed": 43,
  "measured_queries": 200,
  "warmup_queries": 20,
  "messages": 241,
  "wire_bytes": 1838083,
  "server_peak_rss_kib": 101804,
  "parent_peak_rss_kib": 98476,
  "logical_json_bytes": 1494804,
  "allocated_sqlite_bytes": 7391472,
  "wall_s": 2.102183981000053,
  "parent_cpu_s": 0.8981805279999997,
  "children_cpu_s": 1.641532,
  "rpc_median_us": 746.727,
  "rpc_p95_us": 2777.337,
  "rpc_p99_us": 3620.555,
  "service_median_us": 269.853,
  "service_p95_us": 691.537,
  "service_p99_us": 1612.609,
  "verifier_median_us": 87.328,
  "verifier_p95_us": 764.971,
  "verifier_p99_us": 2315.588
}
