{
  "records": 100,
  "depth": 16,
  "seed": 17,
  "measured_queries": 200,
  "warmup_queries": 20,
  "messages": 222,
  "wire_bytes": 365470,
  "server_peak_rss_kib": 97068,
  "parent_peak_rss_kib": 94892,
  "logical_json_bytes": 30604,
  "allocated_sqlite_bytes": 164616,
  "wall_s": 2.176605964999908,
  "parent_cpu_s": 0.12967121199999987,
  "children_cpu_s": 2.367161,
  "rpc_median_us": 887.621,
  "rpc_p95_us": 2573.932,
  "rpc_p99_us": 4017.644,
  "service_median_us": 242.436,
  "service_p95_us": 886.749,
  "service_p99_us": 1940.293,
  "verifier_median_us": 142.612,
  "verifier_p95_us": 303.057,
  "verifier_p99_us": 387.438
}
