{
  "records": 100,
  "depth": 1,
  "seed": 17,
  "measured_queries": 200,
  "warmup_queries": 20,
  "messages": 222,
  "wire_bytes": 143240,
  "server_peak_rss_kib": 96944,
  "parent_peak_rss_kib": 94892,
  "logical_json_bytes": 29689,
  "allocated_sqlite_bytes": 160496,
  "wall_s": 1.1754132639998716,
  "parent_cpu_s": 0.051729166000000104,
  "children_cpu_s": 1.4985849999999998,
  "rpc_median_us": 343.947,
  "rpc_p95_us": 1844.754,
  "rpc_p99_us": 2602.905,
  "service_median_us": 45.437,
  "service_p95_us": 103.424,
  "service_p99_us": 232.057,
  "verifier_median_us": 10.797,
  "verifier_p95_us": 24.67,
  "verifier_p99_us": 60.269
}
