{
  "records": 10000,
  "depth": 16,
  "seed": 29,
  "measured_queries": 200,
  "warmup_queries": 20,
  "messages": 261,
  "wire_bytes": 3341604,
  "server_peak_rss_kib": 102184,
  "parent_peak_rss_kib": 102184,
  "logical_json_bytes": 2989804,
  "allocated_sqlite_bytes": 11434784,
  "wall_s": 2.9248015150001265,
  "parent_cpu_s": 1.514774578,
  "children_cpu_s": 1.801965,
  "rpc_median_us": 706.346,
  "rpc_p95_us": 2916.819,
  "rpc_p99_us": 4142.247,
  "service_median_us": 273.674,
  "service_p95_us": 1083.17,
  "service_p99_us": 1719.72,
  "verifier_median_us": 75.743,
  "verifier_p95_us": 211.979,
  "verifier_p99_us": 565.659
}
