{
  "records": 10000,
  "depth": 4,
  "seed": 17,
  "measured_queries": 200,
  "warmup_queries": 20,
  "messages": 261,
  "wire_bytes": 3163894,
  "server_peak_rss_kib": 102192,
  "parent_peak_rss_kib": 102192,
  "logical_json_bytes": 2989072,
  "allocated_sqlite_bytes": 11471864,
  "wall_s": 3.2804099910001696,
  "parent_cpu_s": 1.289816946,
  "children_cpu_s": 2.43155,
  "rpc_median_us": 583.736,
  "rpc_p95_us": 2405.493,
  "rpc_p99_us": 3767.432,
  "service_median_us": 107.187,
  "service_p95_us": 240.42,
  "service_p99_us": 369.162,
  "verifier_median_us": 28.359,
  "verifier_p95_us": 50.182,
  "verifier_p99_us": 150.685
}
